[www.infocursosbrasil.com.br/1200-atividades-para-educacao-infantil.html]
[cdn.orbitpages.online/wp-content/uploads/sites/269240/2022/04/logo-info-150x150.png]
[backblue.gif]
[fade.gif]
[index.html]
[cdn.orbitpages.online/wp-content/uploads/sites/269240/2022/08/mocap-1200-atividades-educacao-infantil-3.png]
[cdn.orbitpages.online/assets/libs/bootstrap/bootstrap.min.css]
[cdn.orbitpages.online/assets/libs/animate/animate.min.css]
[cdn.orbitpages.online/assets/libs/hover/hover.min.css]
[use.fontawesome.com/releases/v5.15.3/css/all.css]
[cdn.orbitpages.online/assets/libs/plyr/plyr.css]
[www.infocursosbrasil.com.br/img/stripes-light.png]
[www.infocursosbrasil.com.br/img/premium-watermark.png]
[cdn.orbitpages.online/assets/libs/jquery/jquery.js]
[cdn.orbitpages.online/assets/libs/js-cookie/js.cookie.min.js]
[connect.facebook.net/en_US/fbevents.js]
[img.imageboss.me/orbitpages/cdn/withoutEnlargement_true/sites/269240/2022/08/logo-cabecario.png]
[img.imageboss.me/orbitpages/cdn/withoutEnlargement_true/sites/269240/2022/08/mocap-400-copy.jpg]
[img.imageboss.me/orbitpages/width/425/withoutEnlargement_true/sites/269240/2022/08/img-oque-e-atualizado.jpg]
[img.imageboss.me/orbitpages/cdn/withoutEnlargement_true/sites/269240/2022/06/certo-icon.fw_.png]
[img.imageboss.me/orbitpages/cdn/withoutEnlargement_true/sites/269240/2022/08/modelos-atividades-1-scaled.jpg]
[img.imageboss.me/orbitpages/cdn/withoutEnlargement_true/sites/269240/2022/08/icon-alfabeto.png]
[img.imageboss.me/orbitpages/cdn/withoutEnlargement_true/sites/269240/2022/08/icon-vogais.png]
[img.imageboss.me/orbitpages/cdn/withoutEnlargement_true/sites/269240/2022/08/icon-silabario.png]
[img.imageboss.me/orbitpages/cdn/withoutEnlargement_true/sites/269240/2022/08/icon-conhecendo-numeros.png]
[img.imageboss.me/orbitpages/cdn/withoutEnlargement_true/sites/269240/2022/08/icon-matematica.png]
[img.imageboss.me/orbitpages/cdn/withoutEnlargement_true/sites/269240/2022/08/icon-pontilhados.png]
[img.imageboss.me/orbitpages/cdn/withoutEnlargement_true/sites/269240/2022/08/icon-recortes.png]
[img.imageboss.me/orbitpages/cdn/withoutEnlargement_true/sites/269240/2022/08/icon-desenhos-para-colorir.png]
[img.imageboss.me/orbitpages/cdn/withoutEnlargement_true/sites/269240/2022/08/icon-conhecendo-avioes.png]
[img.imageboss.me/orbitpages/cdn/withoutEnlargement_true/sites/269240/2022/08/icon-conhecendo-animais.png]
[img.imageboss.me/orbitpages/cdn/withoutEnlargement_true/sites/269240/2022/08/icon-pequenas-leituras-cantigas.png]
[img.imageboss.me/orbitpages/cdn/withoutEnlargement_true/sites/269240/2022/08/depoimentos-novos-png.png]
[img.imageboss.me/orbitpages/cdn/withoutEnlargement_true/sites/269240/2022/08/alfabeto-cursivo.jpg]
[img.imageboss.me/orbitpages/cdn/withoutEnlargement_true/sites/269240/2022/08/livro-colorir.jpg]
[img.imageboss.me/orbitpages/cdn/withoutEnlargement_true/sites/269240/2022/08/ligue-os-pontos.jpg]
[img.imageboss.me/orbitpages/width/300/withoutEnlargement_true/sites/269240/2022/08/mocap-1200-atividades-educacao-infantil-2.png]
[img.imageboss.me/orbitpages/width/300/withoutEnlargement_true/sites/269240/2022/08/mocap-combo.png]
[cdn.orbitpages.online/assets/libs/popper/popper.min.js]
[cdn.orbitpages.online/assets/libs/bootstrap/bootstrap.min.js]
[cdn.orbitpages.online/assets/libs/modernizr/modernizr.min.js]
[cdn.orbitpages.online/assets/libs/smooth-scroll/smooth-scroll.polyfills.min.js]
[cdn.orbitpages.online/assets/libs/jarallax/jarallax.min.js]
[cdn.orbitpages.online/assets/libs/jarallax/jarallax-video.min.js]
[cdn.orbitpages.online/assets/libs/plyr/plyr.min.js]
[www.infocursosbrasil.com.br/e.href]
[cdn.eduzzcdn.com/sun/thankyou/thankyou.js]
[www.infocursosbrasil.com.br/1200-atividades-para-educacao-infantil.html]
[cdn.orbitpages.online/assets/libs/bootstrap/bootstrap.min.css]
[cdn.orbitpages.online/assets/libs/animate/animate.min.css]
[cdn.orbitpages.online/assets/libs/hover/hover.min.css]
[use.fontawesome.com/releases/v5.15.3/css/all.css]
[cdn.orbitpages.online/assets/libs/plyr/plyr.css]
[www.infocursosbrasil.com.br/img/stripes-light.html]
[www.infocursosbrasil.com.br/img/premium-watermark.html]
[www.infocursosbrasil.com.br/b.2e.delayed]
[www.infocursosbrasil.com.br/POST]
[connect.facebook.net/en_US/fbevents.js]
[www.infocursosbrasil.com.br/OPR]
[www.infocursosbrasil.com.br/OPR/index.html]
[www.infocursosbrasil.com.br/e.html]
[www.infocursosbrasil.com.br/b.html]
[www.infocursosbrasil.com.br/POST.html]
[www.infocursosbrasil.com.br/OPR.html]
[www.infocursosbrasil.com.br/c]
[www.infocursosbrasil.com.br/c]
[my.orbitpages.com/lllgbz/wp-content/themes/orbit-pages-theme/assets/js/mask.min.js]
